
> student_marketplace_frontend@0.1.0 build
> next build

   Γû▓ Next.js 14.0.0

   Creating an optimized production build ...
 Γ£ô Compiled successfully
   Linting and checking validity of types ...
node.exe : 
At line:1 char:1
+ & "C:\Program Files\
nodejs/node.exe" 
"C:\Program 
Files\nodejs/node_mo 
...
+ ~~~~~~~~~~~~~~~~~~~~
~~~~~~~~~~~~~~~~~~~~~~
~~~~~~~~~~~~~~~~~~~~~~
~~~~~
    + CategoryInfo    
          : NotSpeci  
  fied: (:String) [   
 ], RemoteExceptio    
n
    + FullyQualifiedE 
   rrorId : NativeCo  
  mmandError
 
Failed to compile.

./src/app/components/A
ddStudentPage.tsx
422:83  Error: `'` 
can be escaped with 
`&apos;`, `&lsquo;`, 
`&#39;`, `&rsquo;`.  r
eact/no-unescaped-enti
ties

./src/app/components/B
ankEligibilityRulesTab
.tsx
259:48  Error: `'` 
can be escaped with 
`&apos;`, `&lsquo;`, 
`&#39;`, `&rsquo;`.  r
eact/no-unescaped-enti
ties
285:84  Error: `"` 
can be escaped with 
`&quot;`, `&ldquo;`, 
`&#34;`, `&rdquo;`.  r
eact/no-unescaped-enti
ties
285:90  Error: `"` 
can be escaped with 
`&quot;`, `&ldquo;`, 
`&#34;`, `&rdquo;`.  r
eact/no-unescaped-enti
ties
288:79  Error: `"` 
can be escaped with 
`&quot;`, `&ldquo;`, 
`&#34;`, `&rdquo;`.  r
eact/no-unescaped-enti
ties
288:123  Error: `"` 
can be escaped with 
`&quot;`, `&ldquo;`, 
`&#34;`, `&rdquo;`.  r
eact/no-unescaped-enti
ties
314:77  Error: `"` 
can be escaped with 
`&quot;`, `&ldquo;`, 
`&#34;`, `&rdquo;`.  r
eact/no-unescaped-enti
ties
314:95  Error: `"` 
can be escaped with 
`&quot;`, `&ldquo;`, 
`&#34;`, `&rdquo;`.  r
eact/no-unescaped-enti
ties
317:40  Error: `"` 
can be escaped with 
`&quot;`, `&ldquo;`, 
`&#34;`, `&rdquo;`.  r
eact/no-unescaped-enti
ties
317:58  Error: `"` 
can be escaped with 
`&quot;`, `&ldquo;`, 
`&#34;`, `&rdquo;`.  r
eact/no-unescaped-enti
ties
317:78  Error: `"` 
can be escaped with 
`&quot;`, `&ldquo;`, 
`&#34;`, `&rdquo;`.  r
eact/no-unescaped-enti
ties
317:84  Error: `"` 
can be escaped with 
`&quot;`, `&ldquo;`, 
`&#34;`, `&rdquo;`.  r
eact/no-unescaped-enti
ties
317:96  Error: `"` 
can be escaped with 
`&quot;`, `&ldquo;`, 
`&#34;`, `&rdquo;`.  r
eact/no-unescaped-enti
ties
317:171  Error: `"` 
can be escaped with 
`&quot;`, `&ldquo;`, 
`&#34;`, `&rdquo;`.  r
eact/no-unescaped-enti
ties
439:154  Error: `"` 
can be escaped with 
`&quot;`, `&ldquo;`, 
`&#34;`, `&rdquo;`.  r
eact/no-unescaped-enti
ties
439:172  Error: `"` 
can be escaped with 
`&quot;`, `&ldquo;`, 
`&#34;`, `&rdquo;`.  r
eact/no-unescaped-enti
ties
534:115  Error: `"` 
can be escaped with 
`&quot;`, `&ldquo;`, 
`&#34;`, `&rdquo;`.  r
eact/no-unescaped-enti
ties
534:126  Error: `"` 
can be escaped with 
`&quot;`, `&ldquo;`, 
`&#34;`, `&rdquo;`.  r
eact/no-unescaped-enti
ties

./src/app/components/B
ankProviderHeaderActio
ns.tsx
407:109  Error: `'` 
can be escaped with 
`&apos;`, `&lsquo;`, 
`&#39;`, `&rsquo;`.  r
eact/no-unescaped-enti
ties
799:63  Error: `"` 
can be escaped with 
`&quot;`, `&ldquo;`, 
`&#34;`, `&rdquo;`.  r
eact/no-unescaped-enti
ties
799:83  Error: `"` 
can be escaped with 
`&quot;`, `&ldquo;`, 
`&#34;`, `&rdquo;`.  r
eact/no-unescaped-enti
ties
862:41  Error: `"` 
can be escaped with 
`&quot;`, `&ldquo;`, 
`&#34;`, `&rdquo;`.  r
eact/no-unescaped-enti
ties
862:59  Error: `"` 
can be escaped with 
`&quot;`, `&ldquo;`, 
`&#34;`, `&rdquo;`.  r
eact/no-unescaped-enti
ties
862:72  Error: `"` 
can be escaped with 
`&quot;`, `&ldquo;`, 
`&#34;`, `&rdquo;`.  r
eact/no-unescaped-enti
ties
862:78  Error: `"` 
can be escaped with 
`&quot;`, `&ldquo;`, 
`&#34;`, `&rdquo;`.  r
eact/no-unescaped-enti
ties

./src/app/components/c
ommon/ImportDialog.tsx
364:21  Error: `'` 
can be escaped with 
`&apos;`, `&lsquo;`, 
`&#39;`, `&rsquo;`.  r
eact/no-unescaped-enti
ties

./src/app/components/c
ommon/NotificationPane
l.tsx
145:64  Error: `'` 
can be escaped with 
`&apos;`, `&lsquo;`, 
`&#39;`, `&rsquo;`.  r
eact/no-unescaped-enti
ties

./src/app/components/c
ommon/ServiceProviderL
ogsTab.tsx
349:18  Error: React 
Hook "useState" is 
called conditionally. 
React Hooks must be 
called in the exact 
same order in every 
component render.  rea
ct-hooks/rules-of-hook
s
353:33  Error: React 
Hook "useState" is 
called conditionally. 
React Hooks must be 
called in the exact 
same order in every 
component render. Did 
you accidentally call 
a React Hook after an 
early return?  react-h
ooks/rules-of-hooks
363:41  Error: React 
Hook "useState" is 
called conditionally. 
React Hooks must be 
called in the exact 
same order in every 
component render. Did 
you accidentally call 
a React Hook after an 
early return?  react-h
ooks/rules-of-hooks
364:41  Error: React 
Hook "useState" is 
called conditionally. 
React Hooks must be 
called in the exact 
same order in every 
component render. Did 
you accidentally call 
a React Hook after an 
early return?  react-h
ooks/rules-of-hooks
365:49  Error: React 
Hook "useState" is 
called conditionally. 
React Hooks must be 
called in the exact 
same order in every 
component render. Did 
you accidentally call 
a React Hook after an 
early return?  react-h
ooks/rules-of-hooks
366:41  Error: React 
Hook "useState" is 
called conditionally. 
React Hooks must be 
called in the exact 
same order in every 
component render. Did 
you accidentally call 
a React Hook after an 
early return?  react-h
ooks/rules-of-hooks
367:26  Error: React 
Hook "useState" is 
called conditionally. 
React Hooks must be 
called in the exact 
same order in every 
component render. Did 
you accidentally call 
a React Hook after an 
early return?  react-h
ooks/rules-of-hooks
373:25  Error: React 
Hook "useMemo" is 
called conditionally. 
React Hooks must be 
called in the exact 
same order in every 
component render. Did 
you accidentally call 
a React Hook after an 
early return?  react-h
ooks/rules-of-hooks
387:24  Error: React 
Hook "useMemo" is 
called conditionally. 
React Hooks must be 
called in the exact 
same order in every 
component render. Did 
you accidentally call 
a React Hook after an 
early return?  react-h
ooks/rules-of-hooks
537:30  Error: React 
Hook "useMemo" is 
called conditionally. 
React Hooks must be 
called in the exact 
same order in every 
component render. Did 
you accidentally call 
a React Hook after an 
early return?  react-h
ooks/rules-of-hooks
553:30  Error: React 
Hook "useMemo" is 
called conditionally. 
React Hooks must be 
called in the exact 
same order in every 
component render. Did 
you accidentally call 
a React Hook after an 
early return?  react-h
ooks/rules-of-hooks

./src/app/components/c
ommon/ServiceProviderO
perationsTab.tsx
254:3  Error: React 
Hook "useEffect" is 
called conditionally. 
React Hooks must be 
called in the exact 
same order in every 
component render.  rea
ct-hooks/rules-of-hook
s

./src/app/components/F
orexPricingFeesTab_Enh
anced.tsx
871:33  Error: `'` 
can be escaped with 
`&apos;`, `&lsquo;`, 
`&#39;`, `&rsquo;`.  r
eact/no-unescaped-enti
ties

./src/app/components/G
lobalSearch.tsx
199:11  Warning: The 
attribute 
aria-expanded is not 
supported by the role 
textbox. This role is 
implicit on the 
element input.  jsx-a1
1y/role-supports-aria-
props
227:36  Error: `"` 
can be escaped with 
`&quot;`, `&ldquo;`, 
`&#34;`, `&rdquo;`.  r
eact/no-unescaped-enti
ties
227:44  Error: `"` 
can be escaped with 
`&quot;`, `&ldquo;`, 
`&#34;`, `&rdquo;`.  r
eact/no-unescaped-enti
ties

./src/app/components/H
ousingStudentJourneyTa
b.tsx
449:33  Error: `'` 
can be escaped with 
`&apos;`, `&lsquo;`, 
`&#39;`, `&rsquo;`.  r
eact/no-unescaped-enti
ties

./src/app/components/s
ervices/forms/OfferDec
isionForm.tsx
280:55  Error: `'` 
can be escaped with 
`&apos;`, `&lsquo;`, 
`&#39;`, `&rsquo;`.  r
eact/no-unescaped-enti
ties
343:51  Error: `'` 
can be escaped with 
`&apos;`, `&lsquo;`, 
`&#39;`, `&rsquo;`.  r
eact/no-unescaped-enti
ties
412:29  Error: `'` 
can be escaped with 
`&apos;`, `&lsquo;`, 
`&#39;`, `&rsquo;`.  r
eact/no-unescaped-enti
ties

./src/app/components/S
tudentDetail.tsx
857:72  Error: `'` 
can be escaped with 
`&apos;`, `&lsquo;`, 
`&#39;`, `&rsquo;`.  r
eact/no-unescaped-enti
ties
902:70  Error: `'` 
can be escaped with 
`&apos;`, `&lsquo;`, 
`&#39;`, `&rsquo;`.  r
eact/no-unescaped-enti
ties

./src/app/components/s
tudents/ArchiveService
Modal.tsx
132:62  Error: `'` 
can be escaped with 
`&apos;`, `&lsquo;`, 
`&#39;`, `&rsquo;`.  r
eact/no-unescaped-enti
ties

./src/app/components/s
tudents/ArchiveStudent
Modal.tsx
135:20  Error: `"` 
can be escaped with 
`&quot;`, `&ldquo;`, 
`&#34;`, `&rdquo;`.  r
eact/no-unescaped-enti
ties
135:28  Error: `"` 
can be escaped with 
`&quot;`, `&ldquo;`, 
`&#34;`, `&rdquo;`.  r
eact/no-unescaped-enti
ties

./src/app/components/u
i/DateInputShowcase.ts
x
715:69  Error: 
Parsing error: 
Unexpected token. Did 
you mean `{'>'}` or 
`&gt;`?

./src/app/components/u
i/form/FileUpload.tsx
196:6  Warning: React 
Hook useCallback has 
a missing dependency: 
'uploadFiles'. Either 
include it or remove 
the dependency array. 
 react-hooks/exhaustiv
e-deps

./src/app/components/u
i/form/NumberInput.tsx
62:6  Warning: React 
Hook useEffect has a 
missing dependency: 
'formatValue'. Either 
include it or remove 
the dependency array. 
 react-hooks/exhaustiv
e-deps

./src/app/components/u
i/modals/ConfirmDialog
.tsx
139:6  Warning: React 
Hook useEffect has 
missing dependencies: 
'handleCancel' and 
'handleConfirm'. 
Either include them 
or remove the 
dependency array.  rea
ct-hooks/exhaustive-de
ps

./src/services/invoice
Service.ts
330:1  Warning: 
Assign object to a 
variable before 
exporting as module 
default  import/no-ano
nymous-default-export

./src/services/rbacSer
vice.ts
292:1  Warning: 
Assign object to a 
variable before 
exporting as module 
default  import/no-ano
nymous-default-export

info  - Need to 
disable some ESLint 
rules? Learn more 
here: https://nextjs.o
rg/docs/basic-features
/eslint#disabling-rule
s
