
> student_marketplace_frontend@0.1.0 build
> next build

   Γû▓ Next.js 14.0.0

   Creating an optimized production build ...
