src/app/components/ui/badge.tsx(38,6): error TS2322: Type '{ ref?: LegacyRef<HTMLSpanElement> | undefined; key?: Key | null | undefined; defaultChecked?: boolean | undefined; defaultValue?: string | number | readonly string[] | undefined; ... 265 more ...; className: string; }' is not assignable to type 'RefAttributes<HTMLElement>'.
  Types of property 'ref' are incompatible.
    Type 'LegacyRef<HTMLSpanElement> | undefined' is not assignable to type 'Ref<HTMLElement> | undefined'.
      Type 'string' is not assignable to type 'Ref<HTMLElement> | undefined'.
src/app/components/ui/breadcrumb.tsx(44,6): error TS2322: Type '{ ref?: LegacyRef<HTMLAnchorElement> | undefined; key?: Key | null | undefined; download?: any; href?: string | undefined; hrefLang?: string | undefined; ... 272 more ...; className: string; }' is not assignable to type 'RefAttributes<HTMLElement>'.
  Types of property 'ref' are incompatible.
    Type 'LegacyRef<HTMLAnchorElement> | undefined' is not assignable to type 'Ref<HTMLElement> | undefined'.
      Type 'string' is not assignable to type 'Ref<HTMLElement> | undefined'.
src/app/components/ui/button.tsx(50,7): error TS2322: Type 'string | ((instance: HTMLButtonElement | null) => void) | RefObject<HTMLButtonElement> | null' is not assignable to type '((string | ((instance: HTMLButtonElement | null) => void) | RefObject<HTMLButtonElement>) & (((instance: HTMLElement | null) => void) | RefObject<...>)) | null | undefined'.
  Type 'string' is not assignable to type '((string | ((instance: HTMLButtonElement | null) => void) | RefObject<HTMLButtonElement>) & (((instance: HTMLElement | null) => void) | RefObject<...>)) | null | undefined'.
src/app/components/ui/chart.tsx(109,3): error TS2339: Property 'payload' does not exist on type 'Omit<Props<ValueType, NameType>, PropertiesReadFromContext> & { active?: boolean | undefined; allowEscapeViewBox?: AllowInDimension | undefined; ... 24 more ...; wrapperStyle?: CSSProperties | undefined; } & ClassAttributes<...> & HTMLAttributes<...> & { ...; }'.
src/app/components/ui/chart.tsx(114,3): error TS2339: Property 'label' does not exist on type 'Omit<Props<ValueType, NameType>, PropertiesReadFromContext> & { active?: boolean | undefined; allowEscapeViewBox?: AllowInDimension | undefined; ... 24 more ...; wrapperStyle?: CSSProperties | undefined; } & ClassAttributes<...> & HTMLAttributes<...> & { ...; }'.
src/app/components/ui/chart.tsx(182,23): error TS7006: Parameter 'item' implicitly has an 'any' type.
src/app/components/ui/chart.tsx(182,29): error TS7006: Parameter 'index' implicitly has an 'any' type.
src/app/components/ui/chart.tsx(260,39): error TS2344: Type '"verticalAlign" | "payload"' does not satisfy the constraint '"string" | "onChange" | "style" | "clipPath" | "filter" | "mask" | "path" | "children" | "onClick" | "className" | "from" | "to" | "name" | "suppressHydrationWarning" | "color" | ... 423 more ... | "onBBoxUpdate"'.
  Type '"payload"' is not assignable to type '"string" | "onChange" | "style" | "clipPath" | "filter" | "mask" | "path" | "children" | "onClick" | "className" | "from" | "to" | "name" | "suppressHydrationWarning" | "color" | ... 423 more ... | "onBBoxUpdate"'.
src/app/components/ui/chart.tsx(266,17): error TS2339: Property 'length' does not exist on type '{}'.
src/app/components/ui/chart.tsx(278,16): error TS2339: Property 'map' does not exist on type '{}'.
src/app/components/ui/chart.tsx(278,21): error TS7006: Parameter 'item' implicitly has an 'any' type.
src/app/components/ui/form.tsx(14,8): error TS2307: Cannot find module 'react-hook-form' or its corresponding type declarations.
src/app/components/ui/input-otp.tsx(4,43): error TS2307: Cannot find module 'input-otp' or its corresponding type declarations.
src/app/components/ui/input-otp.tsx(47,61): error TS2339: Property 'slots' does not exist on type 'string | number | boolean | ServerContextJSONArray | { [key: string]: ServerContextJSONValue; }'.
  Property 'slots' does not exist on type 'string'.
src/app/components/ui/resizable.tsx(5,37): error TS2307: Cannot find module 'react-resizable-panels' or its corresponding type declarations.
src/app/components/ui/sidebar.tsx(404,6): error TS2322: Type '{ ref?: LegacyRef<HTMLDivElement> | undefined; key?: Key | null | undefined; defaultChecked?: boolean | undefined; defaultValue?: string | number | readonly string[] | undefined; ... 266 more ...; className: string; }' is not assignable to type 'RefAttributes<HTMLElement>'.
  Types of property 'ref' are incompatible.
    Type 'LegacyRef<HTMLDivElement> | undefined' is not assignable to type 'Ref<HTMLElement> | undefined'.
      Type 'string' is not assignable to type 'Ref<HTMLElement> | undefined'.
src/app/components/ui/sidebar.tsx(425,6): error TS2322: Type '{ ref?: LegacyRef<HTMLButtonElement> | undefined; key?: Key | null | undefined; disabled?: boolean | undefined; form?: string | undefined; formAction?: string | ... 1 more ... | undefined; ... 275 more ...; className: string; }' is not assignable to type 'RefAttributes<HTMLElement>'.
  Types of property 'ref' are incompatible.
    Type 'LegacyRef<HTMLButtonElement> | undefined' is not assignable to type 'Ref<HTMLElement> | undefined'.
      Type 'string' is not assignable to type 'Ref<HTMLElement> | undefined'.
src/app/components/ui/sidebar.tsx(515,6): error TS2322: Type '{ ref?: LegacyRef<HTMLButtonElement> | undefined; key?: Key | null | undefined; disabled?: boolean | undefined; form?: string | undefined; formAction?: string | ... 1 more ... | undefined; ... 277 more ...; className: string; }' is not assignable to type 'RefAttributes<HTMLElement>'.
  Types of property 'ref' are incompatible.
    Type 'LegacyRef<HTMLButtonElement> | undefined' is not assignable to type 'Ref<HTMLElement> | undefined'.
src/app/components/ui/sidebar.tsx(560,6): error TS2322: Type '{ ref?: LegacyRef<HTMLButtonElement> | undefined; key?: Key | null | undefined; disabled?: boolean | undefined; form?: string | undefined; formAction?: string | ... 1 more ... | undefined; ... 275 more ...; className: string; }' is not assignable to type 'RefAttributes<HTMLElement>'.
  Types of property 'ref' are incompatible.
    Type 'LegacyRef<HTMLButtonElement> | undefined' is not assignable to type 'Ref<HTMLElement> | undefined'.
src/app/components/ui/sidebar.tsx(683,6): error TS2322: Type '{ ref?: LegacyRef<HTMLAnchorElement> | undefined; key?: Key | null | undefined; download?: any; href?: string | undefined; hrefLang?: string | undefined; ... 275 more ...; className: string; }' is not assignable to type 'RefAttributes<HTMLElement>'.
  Types of property 'ref' are incompatible.
    Type 'LegacyRef<HTMLAnchorElement> | undefined' is not assignable to type 'Ref<HTMLElement> | undefined'.
src/app/components/ui/sonner.tsx(3,26): error TS2307: Cannot find module 'next-themes' or its corresponding type declarations.
